PHPUnit 11.5.46 by Sebastian Bergmann and contributors.

Runtime:       PHP 8.2.12
Configuration: D:\Gadium\phpunit.xml

EE..                                                                4 / 4 (100%)

Time: 00:00.877, Memory: 50.00 MB

There were 2 errors:

1) Tests\Feature\RouteStructureTest::admin_can_access_admin_routes
Livewire\Features\SupportPageComponents\MissingLayoutException: Livewire page component layout view not found: [components.layouts.app]

D:\Gadium\vendor\livewire\livewire\src\Features\SupportPageComponents\SupportPageComponents.php:192
D:\Gadium\vendor\livewire\livewire\src\Features\SupportPageComponents\HandlesPageComponents.php:24
D:\Gadium\vendor\laravel\framework\src\Illuminate\Container\BoundMethod.php:36
D:\Gadium\vendor\laravel\framework\src\Illuminate\Container\Util.php:43
D:\Gadium\vendor\laravel\framework\src\Illuminate\Container\BoundMethod.php:96
D:\Gadium\vendor\laravel\framework\src\Illuminate\Container\BoundMethod.php:35
D:\Gadium\vendor\laravel\framework\src\Illuminate\Container\Container.php:799
D:\Gadium\vendor\livewire\volt\src\VoltManager.php:37
D:\Gadium\vendor\laravel\framework\src\Illuminate\Routing\CallableDispatcher.php:39
D:\Gadium\vendor\laravel\framework\src\Illuminate\Routing\Route.php:243
D:\Gadium\vendor\laravel\framework\src\Illuminate\Routing\Route.php:214
D:\Gadium\vendor\laravel\framework\src\Illuminate\Routing\Router.php:822
D:\Gadium\vendor\laravel\framework\src\Illuminate\Pipeline\Pipeline.php:180
D:\Gadium\vendor\spatie\laravel-permission\src\Middleware\RoleMiddleware.php:37
D:\Gadium\vendor\laravel\framework\src\Illuminate\Pipeline\Pipeline.php:219
D:\Gadium\vendor\laravel\framework\src\Illuminate\Auth\Middleware\EnsureEmailIsVerified.php:41
D:\Gadium\vendor\laravel\framework\src\Illuminate\Pipeline\Pipeline.php:219
D:\Gadium\vendor\laravel\framework\src\Illuminate\Routing\Middleware\SubstituteBindings.php:50
D:\Gadium\vendor\laravel\framework\src\Illuminate\Pipeline\Pipeline.php:219
D:\Gadium\vendor\laravel\framework\src\Illuminate\Auth\Middleware\Authenticate.php:63
D:\Gadium\vendor\laravel\framework\src\Illuminate\Pipeline\Pipeline.php:219
D:\Gadium\vendor\laravel\framework\src\Illuminate\Foundation\Http\Middleware\VerifyCsrfToken.php:87
D:\Gadium\vendor\laravel\framework\src\Illuminate\Pipeline\Pipeline.php:219
D:\Gadium\vendor\laravel\framework\src\Illuminate\View\Middleware\ShareErrorsFromSession.php:48
D:\Gadium\vendor\laravel\framework\src\Illuminate\Pipeline\Pipeline.php:219
D:\Gadium\vendor\laravel\framework\src\Illuminate\Session\Middleware\StartSession.php:120
D:\Gadium\vendor\laravel\framework\src\Illuminate\Session\Middleware\StartSession.php:63
D:\Gadium\vendor\laravel\framework\src\Illuminate\Pipeline\Pipeline.php:219
D:\Gadium\vendor\laravel\framework\src\Illuminate\Cookie\Middleware\AddQueuedCookiesToResponse.php:36
D:\Gadium\vendor\laravel\framework\src\Illuminate\Pipeline\Pipeline.php:219
D:\Gadium\vendor\laravel\framework\src\Illuminate\Cookie\Middleware\EncryptCookies.php:74
D:\Gadium\vendor\laravel\framework\src\Illuminate\Pipeline\Pipeline.php:219
D:\Gadium\vendor\laravel\framework\src\Illuminate\Pipeline\Pipeline.php:137
D:\Gadium\vendor\laravel\framework\src\Illuminate\Routing\Router.php:821
D:\Gadium\vendor\laravel\framework\src\Illuminate\Routing\Router.php:800
D:\Gadium\vendor\laravel\framework\src\Illuminate\Routing\Router.php:764
D:\Gadium\vendor\laravel\framework\src\Illuminate\Routing\Router.php:753
D:\Gadium\vendor\laravel\framework\src\Illuminate\Foundation\Http\Kernel.php:200
D:\Gadium\vendor\laravel\framework\src\Illuminate\Pipeline\Pipeline.php:180
D:\Gadium\vendor\livewire\livewire\src\Features\SupportDisablingBackButtonCache\DisableBackButtonCacheMiddleware.php:19
D:\Gadium\vendor\laravel\framework\src\Illuminate\Pipeline\Pipeline.php:219
D:\Gadium\vendor\laravel\framework\src\Illuminate\Foundation\Http\Middleware\TransformsRequest.php:21
D:\Gadium\vendor\laravel\framework\src\Illuminate\Foundation\Http\Middleware\ConvertEmptyStringsToNull.php:31
D:\Gadium\vendor\laravel\framework\src\Illuminate\Pipeline\Pipeline.php:219
D:\Gadium\vendor\laravel\framework\src\Illuminate\Foundation\Http\Middleware\TransformsRequest.php:21
D:\Gadium\vendor\laravel\framework\src\Illuminate\Foundation\Http\Middleware\TrimStrings.php:51
D:\Gadium\vendor\laravel\framework\src\Illuminate\Pipeline\Pipeline.php:219
D:\Gadium\vendor\laravel\framework\src\Illuminate\Http\Middleware\ValidatePostSize.php:27
D:\Gadium\vendor\laravel\framework\src\Illuminate\Pipeline\Pipeline.php:219
D:\Gadium\vendor\laravel\framework\src\Illuminate\Foundation\Http\Middleware\PreventRequestsDuringMaintenance.php:109
D:\Gadium\vendor\laravel\framework\src\Illuminate\Pipeline\Pipeline.php:219
D:\Gadium\vendor\laravel\framework\src\Illuminate\Http\Middleware\HandleCors.php:48
D:\Gadium\vendor\laravel\framework\src\Illuminate\Pipeline\Pipeline.php:219
D:\Gadium\vendor\laravel\framework\src\Illuminate\Http\Middleware\TrustProxies.php:58
D:\Gadium\vendor\laravel\framework\src\Illuminate\Pipeline\Pipeline.php:219
D:\Gadium\vendor\laravel\framework\src\Illuminate\Foundation\Http\Middleware\InvokeDeferredCallbacks.php:22
D:\Gadium\vendor\laravel\framework\src\Illuminate\Pipeline\Pipeline.php:219
D:\Gadium\vendor\laravel\framework\src\Illuminate\Http\Middleware\ValidatePathEncoding.php:26
D:\Gadium\vendor\laravel\framework\src\Illuminate\Pipeline\Pipeline.php:219
D:\Gadium\vendor\laravel\framework\src\Illuminate\Pipeline\Pipeline.php:137
D:\Gadium\vendor\laravel\framework\src\Illuminate\Foundation\Http\Kernel.php:175
D:\Gadium\vendor\laravel\framework\src\Illuminate\Foundation\Http\Kernel.php:144
D:\Gadium\vendor\laravel\framework\src\Illuminate\Foundation\Testing\Concerns\MakesHttpRequests.php:607
D:\Gadium\vendor\laravel\framework\src\Illuminate\Foundation\Testing\Concerns\MakesHttpRequests.php:368
D:\Gadium\tests\Feature\RouteStructureTest.php:29

2) Tests\Feature\RouteStructureTest::manager_can_access_manager_routes
Livewire\Features\SupportPageComponents\MissingLayoutException: Livewire page component layout view not found: [components.layouts.app]

D:\Gadium\vendor\livewire\livewire\src\Features\SupportPageComponents\SupportPageComponents.php:192
D:\Gadium\vendor\livewire\livewire\src\Features\SupportPageComponents\HandlesPageComponents.php:24
D:\Gadium\vendor\laravel\framework\src\Illuminate\Container\BoundMethod.php:36
D:\Gadium\vendor\laravel\framework\src\Illuminate\Container\Util.php:43
D:\Gadium\vendor\laravel\framework\src\Illuminate\Container\BoundMethod.php:96
D:\Gadium\vendor\laravel\framework\src\Illuminate\Container\BoundMethod.php:35
D:\Gadium\vendor\laravel\framework\src\Illuminate\Container\Container.php:799
D:\Gadium\vendor\livewire\volt\src\VoltManager.php:37
D:\Gadium\vendor\laravel\framework\src\Illuminate\Routing\CallableDispatcher.php:39
D:\Gadium\vendor\laravel\framework\src\Illuminate\Routing\Route.php:243
D:\Gadium\vendor\laravel\framework\src\Illuminate\Routing\Route.php:214
D:\Gadium\vendor\laravel\framework\src\Illuminate\Routing\Router.php:822
D:\Gadium\vendor\laravel\framework\src\Illuminate\Pipeline\Pipeline.php:180
D:\Gadium\vendor\spatie\laravel-permission\src\Middleware\RoleMiddleware.php:37
D:\Gadium\vendor\laravel\framework\src\Illuminate\Pipeline\Pipeline.php:219
D:\Gadium\vendor\laravel\framework\src\Illuminate\Auth\Middleware\EnsureEmailIsVerified.php:41
D:\Gadium\vendor\laravel\framework\src\Illuminate\Pipeline\Pipeline.php:219
D:\Gadium\vendor\laravel\framework\src\Illuminate\Routing\Middleware\SubstituteBindings.php:50
D:\Gadium\vendor\laravel\framework\src\Illuminate\Pipeline\Pipeline.php:219
D:\Gadium\vendor\laravel\framework\src\Illuminate\Auth\Middleware\Authenticate.php:63
D:\Gadium\vendor\laravel\framework\src\Illuminate\Pipeline\Pipeline.php:219
D:\Gadium\vendor\laravel\framework\src\Illuminate\Foundation\Http\Middleware\VerifyCsrfToken.php:87
D:\Gadium\vendor\laravel\framework\src\Illuminate\Pipeline\Pipeline.php:219
D:\Gadium\vendor\laravel\framework\src\Illuminate\View\Middleware\ShareErrorsFromSession.php:48
D:\Gadium\vendor\laravel\framework\src\Illuminate\Pipeline\Pipeline.php:219
D:\Gadium\vendor\laravel\framework\src\Illuminate\Session\Middleware\StartSession.php:120
D:\Gadium\vendor\laravel\framework\src\Illuminate\Session\Middleware\StartSession.php:63
D:\Gadium\vendor\laravel\framework\src\Illuminate\Pipeline\Pipeline.php:219
D:\Gadium\vendor\laravel\framework\src\Illuminate\Cookie\Middleware\AddQueuedCookiesToResponse.php:36
D:\Gadium\vendor\laravel\framework\src\Illuminate\Pipeline\Pipeline.php:219
D:\Gadium\vendor\laravel\framework\src\Illuminate\Cookie\Middleware\EncryptCookies.php:74
D:\Gadium\vendor\laravel\framework\src\Illuminate\Pipeline\Pipeline.php:219
D:\Gadium\vendor\laravel\framework\src\Illuminate\Pipeline\Pipeline.php:137
D:\Gadium\vendor\laravel\framework\src\Illuminate\Routing\Router.php:821
D:\Gadium\vendor\laravel\framework\src\Illuminate\Routing\Router.php:800
D:\Gadium\vendor\laravel\framework\src\Illuminate\Routing\Router.php:764
D:\Gadium\vendor\laravel\framework\src\Illuminate\Routing\Router.php:753
D:\Gadium\vendor\laravel\framework\src\Illuminate\Foundation\Http\Kernel.php:200
D:\Gadium\vendor\laravel\framework\src\Illuminate\Pipeline\Pipeline.php:180
D:\Gadium\vendor\livewire\livewire\src\Features\SupportDisablingBackButtonCache\DisableBackButtonCacheMiddleware.php:19
D:\Gadium\vendor\laravel\framework\src\Illuminate\Pipeline\Pipeline.php:219
D:\Gadium\vendor\laravel\framework\src\Illuminate\Foundation\Http\Middleware\TransformsRequest.php:21
D:\Gadium\vendor\laravel\framework\src\Illuminate\Foundation\Http\Middleware\ConvertEmptyStringsToNull.php:31
D:\Gadium\vendor\laravel\framework\src\Illuminate\Pipeline\Pipeline.php:219
D:\Gadium\vendor\laravel\framework\src\Illuminate\Foundation\Http\Middleware\TransformsRequest.php:21
D:\Gadium\vendor\laravel\framework\src\Illuminate\Foundation\Http\Middleware\TrimStrings.php:51
D:\Gadium\vendor\laravel\framework\src\Illuminate\Pipeline\Pipeline.php:219
D:\Gadium\vendor\laravel\framework\src\Illuminate\Http\Middleware\ValidatePostSize.php:27
D:\Gadium\vendor\laravel\framework\src\Illuminate\Pipeline\Pipeline.php:219
D:\Gadium\vendor\laravel\framework\src\Illuminate\Foundation\Http\Middleware\PreventRequestsDuringMaintenance.php:109
D:\Gadium\vendor\laravel\framework\src\Illuminate\Pipeline\Pipeline.php:219
D:\Gadium\vendor\laravel\framework\src\Illuminate\Http\Middleware\HandleCors.php:48
D:\Gadium\vendor\laravel\framework\src\Illuminate\Pipeline\Pipeline.php:219
D:\Gadium\vendor\laravel\framework\src\Illuminate\Http\Middleware\TrustProxies.php:58
D:\Gadium\vendor\laravel\framework\src\Illuminate\Pipeline\Pipeline.php:219
D:\Gadium\vendor\laravel\framework\src\Illuminate\Foundation\Http\Middleware\InvokeDeferredCallbacks.php:22
D:\Gadium\vendor\laravel\framework\src\Illuminate\Pipeline\Pipeline.php:219
D:\Gadium\vendor\laravel\framework\src\Illuminate\Http\Middleware\ValidatePathEncoding.php:26
D:\Gadium\vendor\laravel\framework\src\Illuminate\Pipeline\Pipeline.php:219
D:\Gadium\vendor\laravel\framework\src\Illuminate\Pipeline\Pipeline.php:137
D:\Gadium\vendor\laravel\framework\src\Illuminate\Foundation\Http\Kernel.php:175
D:\Gadium\vendor\laravel\framework\src\Illuminate\Foundation\Http\Kernel.php:144
D:\Gadium\vendor\laravel\framework\src\Illuminate\Foundation\Testing\Concerns\MakesHttpRequests.php:607
D:\Gadium\vendor\laravel\framework\src\Illuminate\Foundation\Testing\Concerns\MakesHttpRequests.php:368
D:\Gadium\tests\Feature\RouteStructureTest.php:40

ERRORS!
Tests: 4, Assertions: 10, Errors: 2, PHPUnit Deprecations: 4.
